// Jest Snapshot v1, https://goo.gl/fbAQLP

exports[`common/Header renders a Header component 1`] = `"<header class=\\"header\\"><h3>Asiakastiedot</h3></header>"`;
