// Jest Snapshot v1, https://goo.gl/fbAQLP

exports[`Paragraph renders normally 1`] = `"<article class=\\"paragraph\\">Content</article>"`;
