// Jest Snapshot v1, https://goo.gl/fbAQLP

exports[`IndividualHarborPage renders normally 1`] = `"<div class=\\"individualHarborPage\\">Individual Harbor Page</div>"`;
